// Jest Snapshot v1, https://goo.gl/fbAQLP

exports[`Add Folder component Renders without errors 1`] = `""`;
